kotlin version: 2.0.21
error message: Incremental compilation failed: Failed to close caches
org.jetbrains.kotlin.incremental.CachesManagerCloseException: Failed to close caches
	at org.jetbrains.kotlin.incremental.BaseCompilationTransaction.closeCachesManager(CompilationTransaction.kt:126)
	at org.jetbrains.kotlin.incremental.RecoverableCompilationTransaction.close(CompilationTransaction.kt:251)
	at org.jetbrains.kotlin.incremental.IncrementalCompilerRunner.tryCompileIncrementally(IncrementalCompilerRunner.kt:747)
	at org.jetbrains.kotlin.incremental.IncrementalCompilerRunner.compile(IncrementalCompilerRunner.kt:120)
	at org.jetbrains.kotlin.daemon.CompileServiceImplBase.execIncrementalCompiler(CompileServiceImpl.kt:675)
	at org.jetbrains.kotlin.daemon.CompileServiceImplBase.access$execIncrementalCompiler(CompileServiceImpl.kt:92)
	at org.jetbrains.kotlin.daemon.CompileServiceImpl.compile(CompileServiceImpl.kt:1660)
	at java.base/jdk.internal.reflect.NativeMethodAccessorImpl.invoke0(Native Method)
	at java.base/jdk.internal.reflect.NativeMethodAccessorImpl.invoke(NativeMethodAccessorImpl.java:77)
	at java.base/jdk.internal.reflect.DelegatingMethodAccessorImpl.invoke(DelegatingMethodAccessorImpl.java:43)
	at java.base/java.lang.reflect.Method.invoke(Method.java:568)
	at java.rmi/sun.rmi.server.UnicastServerRef.dispatch(UnicastServerRef.java:360)
	at java.rmi/sun.rmi.transport.Transport$1.run(Transport.java:200)
	at java.rmi/sun.rmi.transport.Transport$1.run(Transport.java:197)
	at java.base/java.security.AccessController.doPrivileged(AccessController.java:712)
	at java.rmi/sun.rmi.transport.Transport.serviceCall(Transport.java:196)
	at java.rmi/sun.rmi.transport.tcp.TCPTransport.handleMessages(TCPTransport.java:587)
	at java.rmi/sun.rmi.transport.tcp.TCPTransport$ConnectionHandler.run0(TCPTransport.java:828)
	at java.rmi/sun.rmi.transport.tcp.TCPTransport$ConnectionHandler.lambda$run$0(TCPTransport.java:705)
	at java.base/java.security.AccessController.doPrivileged(AccessController.java:399)
	at java.rmi/sun.rmi.transport.tcp.TCPTransport$ConnectionHandler.run(TCPTransport.java:704)
	at java.base/java.util.concurrent.ThreadPoolExecutor.runWorker(ThreadPoolExecutor.java:1136)
	at java.base/java.util.concurrent.ThreadPoolExecutor$Worker.run(ThreadPoolExecutor.java:635)
	at java.base/java.lang.Thread.run(Thread.java:833)
	Suppressed: java.nio.file.NoSuchFileException: C:\Users\nitin\AppData\Local\Temp\kotlin-backups3235325274938915398\3.backup
		at java.base/sun.nio.fs.WindowsException.translateToIOException(WindowsException.java:85)
		at java.base/sun.nio.fs.WindowsException.rethrowAsIOException(WindowsException.java:103)
		at java.base/sun.nio.fs.WindowsException.rethrowAsIOException(WindowsException.java:108)
		at java.base/sun.nio.fs.WindowsFileCopy.move(WindowsFileCopy.java:334)
		at java.base/sun.nio.fs.WindowsFileSystemProvider.move(WindowsFileSystemProvider.java:293)
		at java.base/java.nio.file.Files.move(Files.java:1432)
		at org.jetbrains.kotlin.incremental.RecoverableCompilationTransaction.revertChanges(CompilationTransaction.kt:231)
		at org.jetbrains.kotlin.incremental.RecoverableCompilationTransaction.close(CompilationTransaction.kt:256)
		... 22 more
Caused by: java.nio.file.NoSuchFileException: E:\voltrify-mobile-react-native\android\app\build\kotlin\compileDebugKotlin\cacheable\caches-jvm\lookups\counters.tab -> C:\Users\nitin\AppData\Local\Temp\kotlin-backups3235325274938915398\4.backup
	at java.base/sun.nio.fs.WindowsException.translateToIOException(WindowsException.java:85)
	at java.base/sun.nio.fs.WindowsException.rethrowAsIOException(WindowsException.java:103)
	at java.base/sun.nio.fs.WindowsFileCopy.move(WindowsFileCopy.java:403)
	at java.base/sun.nio.fs.WindowsFileSystemProvider.move(WindowsFileSystemProvider.java:293)
	at java.base/java.nio.file.Files.move(Files.java:1432)
	at org.jetbrains.kotlin.incremental.RecoverableCompilationTransaction.stashFile(CompilationTransaction.kt:210)
	at org.jetbrains.kotlin.incremental.RecoverableCompilationTransaction.registerAddedOrChangedFile(CompilationTransaction.kt:181)
	at org.jetbrains.kotlin.incremental.CompilationTransactionKt.write(CompilationTransaction.kt:55)
	at org.jetbrains.kotlin.incremental.CompilationTransactionKt.writeBytes(CompilationTransaction.kt:64)
	at org.jetbrains.kotlin.incremental.CompilationTransactionKt.writeText(CompilationTransaction.kt:60)
	at org.jetbrains.kotlin.incremental.LookupStorage.close(LookupStorage.kt:151)
	at org.jetbrains.kotlin.com.google.common.io.Closer.close(Closer.java:223)
	at org.jetbrains.kotlin.incremental.IncrementalCachesManager.close(IncrementalCachesManager.kt:55)
	at org.jetbrains.kotlin.incremental.BaseCompilationTransaction.closeCachesManager(CompilationTransaction.kt:123)
	... 23 more


